// Jest Snapshot v1, https://goo.gl/fbAQLP

exports[`UserView renders the component 1`] = `
<div>
  <hero-stub></hero-stub>
  <div class="wrap-controls container">
    <div id="nav-icon" role="button" aria-haspopup="true"><span></span> <span></span> <span></span> <span></span></div>
    <div aria-controls="movieList" class="controls">
      <div class="drawer-on-mobile container">
        <div class="filter-checkboxes">
          <h4 class="text-center">Filter By Genre</h4>
          <form id="genre-filters" aria-label="Genre Filters">
            <ul></ul>
          </form>
        </div>
        <div class="row justify-content-center">
          <div class="col-sm-6">
            <h4 class="text-center">Filter By Rating:</h4>
            <div class="rating-wrap">
              <vstarrating-stub rating="0"></vstarrating-stub>
            </div>
            <vue-slider-stub value="0" direction="ltr" dotsize="14" min="0" max="10" interval="0.5" clickable="true" duration="0.5" lazy="true" tooltip="focus" enablecross="true" order="true" process="true"></vue-slider-stub>
          </div>
        </div>
      </div>
    </div>
  </div>
  <!---->
  <div>
    <vnoresults-stub></vnoresults-stub>
  </div>
</div>
`;
